[2025-09-23 09:58:17] === Nethunter-X Kernel Build Started at 2025-09-23 09:58:17 ===
[2025-09-23 09:58:17] === System Information ===
[2025-09-23 09:58:17] [+] OS: kali
[2025-09-23 09:58:17] [+] Architecture: amd64
[2025-09-23 09:58:17] [+] Target Architecture: arm64 (forced for Android kernel)
[2025-09-23 09:58:17] === Checking Dependencies ===
[2025-09-23 09:58:17] [+] Detected OS: kali
[2025-09-23 09:58:17] [+] Detected Architecture: amd64
[2025-09-23 09:58:17] === Installing Dependencies (Debian/Ubuntu/Kali/Linux Mint) ===
[2025-09-23 09:58:17] [+] Updating package list...
[2025-09-23 09:58:17] [EXECUTING] sudo apt-get update
[2025-09-23 09:59:00] [+] Installing missing packages: libncurses-dev libssl-dev lld
[2025-09-23 09:59:00] [EXECUTING] sudo apt-get install -y libncurses-dev libssl-dev lld
[2025-09-23 09:59:01] === Setting up Clang Compiler ===
[2025-09-23 09:59:01] [+] Compiler: Debian clang version 19.1.7 (3+b2)
[2025-09-23 09:59:01] === Compiling Kernel ===
[2025-09-23 09:59:01] [+] Configuring kernel for ARM64...
[2025-09-23 09:59:01] [EXECUTING] make O=out ARCH=arm64 nethunter_defconfig
[2025-09-23 09:59:06] === Integrating RTL8188EUS WiFi Driver ===
[2025-09-23 09:59:06] [+] Configuring RTL8188EUS for Android ARM64...
[2025-09-23 09:59:06] [+] Successfully configured RTL8188EUS driver
[2025-09-23 09:59:06] [+] Adding rtl8188eus to Kconfig...
[2025-09-23 09:59:06] [+] Adding rtl8188eus to Makefile...
[2025-09-23 09:59:06] [+] Enabling rtl8188eus driver as built-in...
[2025-09-23 09:59:06] [+] Adding additional wireless configuration options...
[2025-09-23 09:59:06] [+] Successfully integrated RTL8188EUS driver
[2025-09-23 09:59:06] === Integrating FT3519T Touchscreen Driver ===
[2025-09-23 09:59:06] [+] Successfully integrated FT3519T touchscreen driver
[2025-09-23 09:59:06] [+] Running non-interactive configuration...
[2025-09-23 09:59:06] [EXECUTING] make O=out ARCH=arm64 olddefconfig
[2025-09-23 09:59:07] [+] Verifying RTL8188EU configuration...
[2025-09-23 09:59:07] ✅ RTL8188EU driver is enabled in kernel config
[2025-09-23 09:59:07] [+] Verifying FT3519T touchscreen configuration...
[2025-09-23 09:59:07] ✅ FT3519T touchscreen driver is enabled in kernel config
[2025-09-23 09:59:07] [+] Compiling kernel with 4 threads (this may take a while)...
[2025-09-23 09:59:07] [+] Started compilation at 2025-09-23 09:59:07
[2025-09-23 09:59:07] [EXECUTING] make -j4 O=out ARCH=arm64 CC=clang LD=ld.lld AR=llvm-ar NM=llvm-nm OBJCOPY=llvm-objcopy STRIP=llvm-strip CLANG_TRIPLE=aarch64-linux-gnu- CROSS_COMPILE=aarch64-linux-gnu- CROSS_COMPILE_ARM32=arm-linux-gnueabi-
